Drill report for IRHub_PCB.kicad_pcb
Created on 2025-08-24T22:02:47+0530

Copper Layer Stackup:
    =============================================================
    L1 :  F.Cu                      front
    L2 :  B.Cu                      back


Drill file 'IRHub_PCB-PTH.drl' contains
    plated through holes:
    =============================================================
    T1  0.300mm  0.0118"  (5 holes)
    T2  0.750mm  0.0295"  (3 holes)
    T3  0.800mm  0.0315"  (4 holes)
    T4  0.900mm  0.0354"  (27 holes)
    T5  0.950mm  0.0374"  (8 holes)
    T6  1.000mm  0.0394"  (4 holes)

    Total plated holes count 51


Drill file 'IRHub_PCB-NPTH.drl' contains
    unplated through holes:
    =============================================================
    T1  2.200mm  0.0866"  (1 hole)

    Total unplated holes count 1
