09-14 22:26:34 com_github_MitjaNemec_PlaceFootprints.action_place_footprints 674:Plugin executed on: 'darwin'
09-14 22:26:34 com_github_MitjaNemec_PlaceFootprints.action_place_footprints 675:Plugin executed with python version: '3.9.13 (v3.9.13:6de2ca5339, May 17 2022, 11:37:23) \n[Clang 13.0.0 (clang-1300.0.29.30)]'
09-14 22:26:34 com_github_MitjaNemec_PlaceFootprints.action_place_footprints 676:KiCad build version: 9.0.4
09-14 22:26:34 com_github_MitjaNemec_PlaceFootprints.action_place_footprints 677:Plugin version: 4.0.1
09-14 22:26:34 com_github_MitjaNemec_PlaceFootprints.action_place_footprints 678:Frame repr: <wx._core.Frame object at 0x14ad21670>
09-14 22:26:34 com_github_MitjaNemec_PlaceFootprints.place_footprints 121:getting a list of all footprints on board
09-14 22:26:34 com_github_MitjaNemec_PlaceFootprints.place_footprints 156:Footprint IR_L1 on root level
09-14 22:26:34 com_github_MitjaNemec_PlaceFootprints.place_footprints 156:Footprint IR_L3 on root level
09-14 22:26:34 com_github_MitjaNemec_PlaceFootprints.place_footprints 156:Footprint IR_L2 on root level
09-14 22:26:34 com_github_MitjaNemec_PlaceFootprints.place_footprints 156:Footprint IR_L4 on root level
09-14 22:26:34 com_github_MitjaNemec_PlaceFootprints.place_footprints 156:Footprint IR_L5 on root level
09-14 22:26:34 com_github_MitjaNemec_PlaceFootprints.place_footprints 156:Footprint IR_L6 on root level
09-14 22:26:34 com_github_MitjaNemec_PlaceFootprints.place_footprints 156:Footprint IR_L7 on root level
09-14 22:26:34 com_github_MitjaNemec_PlaceFootprints.place_footprints 156:Footprint IR_L8 on root level
09-14 22:26:34 com_github_MitjaNemec_PlaceFootprints.place_footprints 156:Footprint USB1 on root level
09-14 22:26:34 com_github_MitjaNemec_PlaceFootprints.place_footprints 156:Footprint T_TX1 on root level
09-14 22:26:34 com_github_MitjaNemec_PlaceFootprints.place_footprints 156:Footprint T_RX1 on root level
09-14 22:26:34 com_github_MitjaNemec_PlaceFootprints.place_footprints 156:Footprint T_GND1 on root level
09-14 22:26:34 com_github_MitjaNemec_PlaceFootprints.place_footprints 156:Footprint T_D7 on root level
09-14 22:26:34 com_github_MitjaNemec_PlaceFootprints.place_footprints 156:Footprint T_D6 on root level
09-14 22:26:34 com_github_MitjaNemec_PlaceFootprints.place_footprints 156:Footprint T_D-1 on root level
09-14 22:26:34 com_github_MitjaNemec_PlaceFootprints.place_footprints 156:Footprint T_D+1 on root level
09-14 22:26:34 com_github_MitjaNemec_PlaceFootprints.place_footprints 156:Footprint TP9 on root level
09-14 22:26:34 com_github_MitjaNemec_PlaceFootprints.place_footprints 156:Footprint SW1 on root level
09-14 22:26:34 com_github_MitjaNemec_PlaceFootprints.place_footprints 156:Footprint R18 on root level
09-14 22:26:34 com_github_MitjaNemec_PlaceFootprints.place_footprints 156:Footprint R17 on root level
09-14 22:26:34 com_github_MitjaNemec_PlaceFootprints.place_footprints 156:Footprint R16 on root level
09-14 22:26:34 com_github_MitjaNemec_PlaceFootprints.place_footprints 156:Footprint R15 on root level
09-14 22:26:34 com_github_MitjaNemec_PlaceFootprints.place_footprints 156:Footprint R14 on root level
09-14 22:26:34 com_github_MitjaNemec_PlaceFootprints.place_footprints 156:Footprint R13 on root level
09-14 22:26:34 com_github_MitjaNemec_PlaceFootprints.place_footprints 156:Footprint R12 on root level
09-14 22:26:34 com_github_MitjaNemec_PlaceFootprints.place_footprints 156:Footprint R11 on root level
09-14 22:26:34 com_github_MitjaNemec_PlaceFootprints.place_footprints 156:Footprint R10 on root level
09-14 22:26:34 com_github_MitjaNemec_PlaceFootprints.place_footprints 156:Footprint R9 on root level
09-14 22:26:34 com_github_MitjaNemec_PlaceFootprints.place_footprints 156:Footprint R8 on root level
09-14 22:26:34 com_github_MitjaNemec_PlaceFootprints.place_footprints 156:Footprint R7 on root level
09-14 22:26:34 com_github_MitjaNemec_PlaceFootprints.place_footprints 156:Footprint R6 on root level
09-14 22:26:34 com_github_MitjaNemec_PlaceFootprints.place_footprints 156:Footprint R5 on root level
09-14 22:26:34 com_github_MitjaNemec_PlaceFootprints.place_footprints 156:Footprint R4 on root level
09-14 22:26:34 com_github_MitjaNemec_PlaceFootprints.place_footprints 156:Footprint R3 on root level
09-14 22:26:34 com_github_MitjaNemec_PlaceFootprints.place_footprints 156:Footprint R2 on root level
09-14 22:26:34 com_github_MitjaNemec_PlaceFootprints.place_footprints 156:Footprint R1 on root level
09-14 22:26:34 com_github_MitjaNemec_PlaceFootprints.place_footprints 156:Footprint Q1 on root level
09-14 22:26:34 com_github_MitjaNemec_PlaceFootprints.place_footprints 156:Footprint MFT2 on root level
09-14 22:26:34 com_github_MitjaNemec_PlaceFootprints.place_footprints 156:Footprint MFT1 on root level
09-14 22:26:34 com_github_MitjaNemec_PlaceFootprints.place_footprints 156:Footprint ME6211 on root level
09-14 22:26:34 com_github_MitjaNemec_PlaceFootprints.place_footprints 156:Footprint IR_RECV1 on root level
09-14 22:26:34 com_github_MitjaNemec_PlaceFootprints.place_footprints 156:Footprint ESP1 on root level
09-14 22:26:34 com_github_MitjaNemec_PlaceFootprints.place_footprints 156:Footprint DispTouch1 on root level
09-14 22:26:34 com_github_MitjaNemec_PlaceFootprints.place_footprints 156:Footprint D30 on root level
09-14 22:26:34 com_github_MitjaNemec_PlaceFootprints.place_footprints 156:Footprint D29 on root level
09-14 22:26:34 com_github_MitjaNemec_PlaceFootprints.place_footprints 156:Footprint D28 on root level
09-14 22:26:34 com_github_MitjaNemec_PlaceFootprints.place_footprints 156:Footprint D27 on root level
09-14 22:26:34 com_github_MitjaNemec_PlaceFootprints.place_footprints 156:Footprint D26 on root level
09-14 22:26:34 com_github_MitjaNemec_PlaceFootprints.place_footprints 156:Footprint D25 on root level
09-14 22:26:34 com_github_MitjaNemec_PlaceFootprints.place_footprints 156:Footprint D24 on root level
09-14 22:26:34 com_github_MitjaNemec_PlaceFootprints.place_footprints 156:Footprint D23 on root level
09-14 22:26:34 com_github_MitjaNemec_PlaceFootprints.place_footprints 156:Footprint D22 on root level
09-14 22:26:34 com_github_MitjaNemec_PlaceFootprints.place_footprints 156:Footprint D21 on root level
09-14 22:26:34 com_github_MitjaNemec_PlaceFootprints.place_footprints 156:Footprint D20 on root level
09-14 22:26:34 com_github_MitjaNemec_PlaceFootprints.place_footprints 156:Footprint D19 on root level
09-14 22:26:34 com_github_MitjaNemec_PlaceFootprints.place_footprints 156:Footprint D18 on root level
09-14 22:26:34 com_github_MitjaNemec_PlaceFootprints.place_footprints 156:Footprint D17 on root level
09-14 22:26:34 com_github_MitjaNemec_PlaceFootprints.place_footprints 156:Footprint D16 on root level
09-14 22:26:34 com_github_MitjaNemec_PlaceFootprints.place_footprints 156:Footprint D15 on root level
09-14 22:26:34 com_github_MitjaNemec_PlaceFootprints.place_footprints 156:Footprint D14 on root level
09-14 22:26:34 com_github_MitjaNemec_PlaceFootprints.place_footprints 156:Footprint D13 on root level
09-14 22:26:34 com_github_MitjaNemec_PlaceFootprints.place_footprints 156:Footprint D12 on root level
09-14 22:26:34 com_github_MitjaNemec_PlaceFootprints.place_footprints 156:Footprint D11 on root level
09-14 22:26:34 com_github_MitjaNemec_PlaceFootprints.place_footprints 156:Footprint D10 on root level
09-14 22:26:34 com_github_MitjaNemec_PlaceFootprints.place_footprints 156:Footprint D9 on root level
09-14 22:26:34 com_github_MitjaNemec_PlaceFootprints.place_footprints 156:Footprint D8 on root level
09-14 22:26:34 com_github_MitjaNemec_PlaceFootprints.place_footprints 156:Footprint D7 on root level
09-14 22:26:34 com_github_MitjaNemec_PlaceFootprints.place_footprints 156:Footprint D6 on root level
09-14 22:26:34 com_github_MitjaNemec_PlaceFootprints.place_footprints 156:Footprint D5 on root level
09-14 22:26:34 com_github_MitjaNemec_PlaceFootprints.place_footprints 156:Footprint D4 on root level
09-14 22:26:34 com_github_MitjaNemec_PlaceFootprints.place_footprints 156:Footprint D3 on root level
09-14 22:26:34 com_github_MitjaNemec_PlaceFootprints.place_footprints 156:Footprint D2 on root level
09-14 22:26:34 com_github_MitjaNemec_PlaceFootprints.place_footprints 156:Footprint D1 on root level
09-14 22:26:34 com_github_MitjaNemec_PlaceFootprints.place_footprints 156:Footprint CH340C1 on root level
09-14 22:26:34 com_github_MitjaNemec_PlaceFootprints.place_footprints 156:Footprint C4 on root level
09-14 22:26:34 com_github_MitjaNemec_PlaceFootprints.place_footprints 156:Footprint C3 on root level
09-14 22:26:34 com_github_MitjaNemec_PlaceFootprints.place_footprints 156:Footprint BZR1 on root level
09-14 22:26:34 com_github_MitjaNemec_PlaceFootprints.place_footprints 156:Footprint AMS1117 on root level
09-14 22:26:34 com_github_MitjaNemec_PlaceFootprints.place_footprints 156:Footprint 5V1 on root level
09-14 22:26:34 com_github_MitjaNemec_PlaceFootprints.action_place_footprints 717:Reference footprint='IR_L1'
09-14 22:26:35 com_github_MitjaNemec_PlaceFootprints.action_place_footprints 858:Reference designator is: IR_L
09-14 22:26:35 com_github_MitjaNemec_PlaceFootprints.action_place_footprints 859:Reference number is: 1
09-14 22:26:35 com_github_MitjaNemec_PlaceFootprints.action_place_footprints 891:Sorted and filtered list:
['IR_L1', 'IR_L2', 'IR_L3', 'IR_L4', 'IR_L5', 'IR_L6', 'IR_L7', 'IR_L8']
09-14 22:26:35 com_github_MitjaNemec_PlaceFootprints.action_place_footprints 376:wx.Colour(38, 38, 38, 255)
09-14 22:26:57 com_github_MitjaNemec_PlaceFootprints.action_place_footprints 507:'31'
09-14 22:26:57 com_github_MitjaNemec_PlaceFootprints.action_place_footprints 559:Preparing config for reference circular
09-14 22:26:57 com_github_MitjaNemec_PlaceFootprints.action_place_footprints 573:Saving config file
09-14 22:26:57 com_github_MitjaNemec_PlaceFootprints.action_place_footprints 575:Saved the config file
09-14 22:26:57 com_github_MitjaNemec_PlaceFootprints.action_place_footprints 929:Footprints to place:
['IR_L1', 'IR_L2', 'IR_L3', 'IR_L4']
09-14 22:26:57 com_github_MitjaNemec_PlaceFootprints.place_footprints 359:Starting placing with circular layout
09-14 22:26:57 com_github_MitjaNemec_PlaceFootprints.place_footprints 369:reference footprint position at: VECTOR2I(120460000, -26000000)
09-14 22:26:57 com_github_MitjaNemec_PlaceFootprints.place_footprints 374:rotation center at: (120460000, 5000000.0)
09-14 22:26:57 com_github_MitjaNemec_PlaceFootprints.place_footprints 506:Text of: IR_L1 has property "Keep upright" rotation might not look as intended
09-14 22:26:57 com_github_MitjaNemec_PlaceFootprints.place_footprints 506:Text of: IR_L1 has property "Keep upright" rotation might not look as intended
09-14 22:26:57 com_github_MitjaNemec_PlaceFootprints.place_footprints 506:Text of: IR_L1 has property "Keep upright" rotation might not look as intended
09-14 22:26:57 com_github_MitjaNemec_PlaceFootprints.place_footprints 506:Text of: IR_L1 has property "Keep upright" rotation might not look as intended
09-14 22:26:57 com_github_MitjaNemec_PlaceFootprints.place_footprints 506:Text of: IR_L1 has property "Keep upright" rotation might not look as intended
09-14 22:26:57 com_github_MitjaNemec_PlaceFootprints.place_footprints 506:Text of: IR_L1 has property "Keep upright" rotation might not look as intended
09-14 22:26:57 com_github_MitjaNemec_PlaceFootprints.place_footprints 506:Text of: IR_L1 has property "Keep upright" rotation might not look as intended
09-14 22:26:57 com_github_MitjaNemec_PlaceFootprints.place_footprints 506:Text of: IR_L1 has property "Keep upright" rotation might not look as intended
09-14 22:26:57 com_github_MitjaNemec_PlaceFootprints.place_footprints 506:Text of: IR_L1 has property "Keep upright" rotation might not look as intended
09-14 22:26:57 com_github_MitjaNemec_PlaceFootprints.action_place_footprints 944:Placing complete
